\BOOKMARK [1][-]{section.1}{\376\377\006\107\006\057\006\101\006\014\000\040\006\057\006\047\006\105\006\106\006\107\000\040\006\110\000\040\006\106\006\052\006\314\006\054\006\107\000\040\006\106\006\107\006\047\006\314\006\314}{}% 1
\BOOKMARK [2][-]{subsection.1.1}{\376\377\006\105\006\104\006\047\006\055\006\070\006\107\000\040\006\047\006\063\006\052\006\101\006\047\006\057\006\107\000\040\006\042\006\062\006\105\006\047\006\314\006\064\006\257\006\047\006\107\006\314}{section.1}% 2
\BOOKMARK [1][-]{section.2}{\376\377\006\176\006\314\006\064\040\014\006\106\006\314\006\047\006\062\006\107\006\047\000\040\006\110\000\040\006\047\006\067\006\104\006\047\006\071\006\047\006\052\000\040\006\104\006\047\006\062\006\105}{}% 3
\BOOKMARK [1][-]{section.3}{\376\377\006\105\006\061\006\055\006\104\006\107\000\040\006\047\006\110\006\104\000:\000\040\006\057\006\061\006\314\006\047\006\101\006\052\000\040\006\110\000\040\006\047\006\054\006\061\006\047\006\314\000\040\006\105\006\055\006\314\006\067\000\040\006\052\006\110\006\063\006\071\006\107}{}% 4
\BOOKMARK [2][-]{subsection.3.1}{\376\377\006\057\006\061\006\314\006\047\006\101\006\052\000\040\006\110\000\040\006\047\006\063\006\052\006\056\006\061\006\047\006\054\000\040\006\042\006\061\006\064\006\314\006\110}{section.3}% 5
\BOOKMARK [2][-]{subsection.3.2}{\376\377\006\061\006\101\006\071\000\040\006\056\006\067\006\047\006\314\000\040\000C\000h\000r\000o\000m\000e\000\040\000S\000a\000n\000d\000b\000o\000x}{section.3}% 6
\BOOKMARK [2][-]{subsection.3.3}{\376\377\006\061\006\101\006\071\000\040\006\105\006\054\006\110\006\062\000\040\006\047\006\050\006\062\006\047\006\061\006\107\006\047\006\314\000\040\000B\000a\000c\000k\000e\000n\000d}{section.3}% 7
\BOOKMARK [2][-]{subsection.3.4}{\376\377\006\047\006\052\006\065\006\047\006\104\000\040\000V\000P\000N\000\040\006\110\000\040\006\057\006\061\006\314\006\047\006\101\006\052\000\040\006\110\006\047\006\050\006\063\006\052\006\257\006\314\040\014\006\107\006\047\006\314\000\040\006\105\006\055\006\314\006\067\000\040\006\052\006\110\006\063\006\071\006\107}{section.3}% 8
\BOOKMARK [1][-]{section.4}{\376\377\006\105\006\061\006\055\006\104\006\107\000\040\006\057\006\110\006\105\000:\000\040\006\106\006\065\006\050\000\040\006\107\006\063\006\052\006\107\000\040\000E\000S\000P\0003\0002\000\040\006\110\000\040\006\042\006\105\006\047\006\057\006\107\040\014\006\063\006\047\006\062\006\314\000\040\006\176\006\110\006\061\006\052\000\040\006\063\006\061\006\314\006\047\006\104}{}% 9
\BOOKMARK [2][-]{subsection.4.1}{\376\377\006\047\006\101\006\062\006\110\006\057\006\106\000\040\006\106\006\064\006\047\006\106\006\314\000\040\000B\000o\000a\000r\000d\000s\000\040\000M\000a\000n\000a\000g\000e\000r}{section.4}% 10
\BOOKMARK [2][-]{subsection.4.2}{\376\377\006\047\006\071\006\067\006\047\006\314\000\040\006\057\006\063\006\052\006\061\006\063\006\314\000\040\006\050\006\107\000\040\006\176\006\110\006\061\006\052\000\040\006\063\006\061\006\314\006\047\006\104}{section.4}% 11
\BOOKMARK [1][-]{section.5}{\376\377\006\105\006\061\006\055\006\104\006\107\000\040\006\063\006\110\006\105\000:\000\040\006\050\006\047\006\062\006\251\006\061\006\057\006\106\000\040\006\176\006\061\006\110\006\230\006\107\000\040\006\110\000\040\006\052\006\106\006\070\006\314\006\105\000\040\006\050\006\061\006\057}{}% 12
\BOOKMARK [2][-]{subsection.5.1}{\376\377\006\050\006\047\006\062\006\251\006\061\006\057\006\106\000\040\006\101\006\047\006\314\006\104\000\040\006\047\006\065\006\104\006\314\000\040\006\176\006\061\006\110\006\230\006\107}{section.5}% 13
\BOOKMARK [2][-]{subsection.5.2}{\376\377\006\206\006\107\006\047\006\061\000\040\006\052\006\106\006\070\006\314\006\105\000\040\006\047\006\065\006\104\006\314\000\040\006\105\006\106\006\110\006\314\000\040\000T\000o\000o\000l\000s}{section.5}% 14
\BOOKMARK [1][-]{section.6}{\376\377\006\105\006\061\006\055\006\104\006\107\000\040\006\206\006\107\006\047\006\061\006\105\000:\000\040\006\106\006\065\006\050\000\040\006\110\006\047\006\050\006\063\006\052\006\257\006\314\040\014\006\107\006\047\006\314\000\040\006\106\006\061\006\105\040\014\006\047\006\101\006\062\006\047\006\061\006\314}{}% 15
\BOOKMARK [2][-]{subsection.6.1}{\376\377\006\251\006\052\006\047\006\050\006\056\006\047\006\106\006\107\040\014\006\107\006\047\006\314\000\040\006\106\006\065\006\050\040\014\006\064\006\057\006\107\000\040\006\047\006\062\000\040\000L\000i\000b\000r\000a\000r\000y\000\040\000M\000a\000n\000a\000g\000e\000r}{section.6}% 16
\BOOKMARK [2][-]{subsection.6.2}{\376\377\006\106\006\065\006\050\000\040\006\057\006\063\006\052\006\314\000\040\000E\000S\000P\0003\0002\000P\000i\000n\000g}{section.6}% 17
\BOOKMARK [2][-]{subsection.6.3}{\376\377\006\054\006\047\006\314\006\257\006\062\006\314\006\106\006\314\000\040\000E\000S\000P\000A\000s\000y\000n\000c\000W\000e\000b\000S\000e\000r\000v\000e\000r}{section.6}% 18
\BOOKMARK [1][-]{section.7}{\376\377\006\105\006\061\006\055\006\104\006\107\000\040\006\176\006\106\006\054\006\105\000:\000\040\006\061\006\101\006\071\000\040\006\056\006\067\006\047\006\314\000\040\006\176\006\314\006\110\006\106\006\057\006\057\006\107\006\106\006\057\006\107}{}% 19
\BOOKMARK [2][-]{subsection.7.1}{\376\377\006\105\006\047\006\107\006\314\006\052\000\040\006\056\006\067\006\047}{section.7}% 20
\BOOKMARK [2][-]{subsection.7.2}{\376\377\006\047\006\071\006\105\006\047\006\104\000\040\006\047\006\065\006\104\006\047\006\055\000\040\006\061\006\110\006\314\000\040\000p\000l\000a\000t\000f\000o\000r\000m\000.\000t\000x\000t}{section.7}% 21
\BOOKMARK [1][-]{section.8}{\376\377\006\105\006\061\006\055\006\104\006\107\000\040\006\064\006\064\006\105\000:\000\040\006\251\006\047\006\105\006\176\006\047\006\314\006\104\000\040\006\110\000\040\006\050\006\047\006\061\006\257\006\060\006\047\006\061\006\314\000\040\006\061\006\110\006\314\000\040\006\050\006\061\006\057}{}% 22
\BOOKMARK [2][-]{subsection.8.1}{\376\377\006\251\006\106\006\052\006\061\006\104\000\040\006\176\006\314\006\064\000\040\006\047\006\062\000\040\000U\000p\000l\000o\000a\000d}{section.8}% 23
\BOOKMARK [2][-]{subsection.8.2}{\376\377\006\047\006\054\006\061\006\047\006\314\000\040\000U\000p\000l\000o\000a\000d\000\040\006\110\000\040\006\110\006\061\006\110\006\057\000\040\006\057\006\063\006\052\006\314\000\040\006\050\006\107\000\040\000D\000o\000w\000n\000l\000o\000a\000d\000\040\000M\000o\000d\000e}{section.8}% 24
\BOOKMARK [1][-]{section.9}{\376\377\006\105\006\061\006\055\006\104\006\107\000\040\006\107\006\101\006\052\006\105\000:\000\040\006\061\006\047\006\107\040\014\006\047\006\106\006\057\006\047\006\062\006\314\000\040\000S\000e\000r\000i\000a\000l\000\040\000M\000o\000n\000i\000t\000o\000r}{}% 25
\BOOKMARK [1][-]{section.10}{\376\377\006\105\006\061\006\055\006\104\006\107\000\040\006\107\006\064\006\052\006\105\000:\000\040\006\047\006\071\006\052\006\050\006\047\006\061\006\063\006\106\006\054\006\314\000\040\006\061\006\047\006\050\006\067\000\040\006\056\006\067\000\040\006\101\006\061\006\105\006\047\006\106}{}% 26
\BOOKMARK [2][-]{subsection.10.1}{\376\377\006\042\006\062\006\105\006\110\006\106\000\040\006\047\006\110\006\104\006\314\006\107\000\040\000h\000e\000l\000p\000\040\006\110\000\040\000c\000h\000a\000n\000n\000e\000l}{section.10}% 27
\BOOKMARK [2][-]{subsection.10.2}{\376\377\006\056\006\061\006\110\006\054\006\314\000\040\006\251\006\047\006\105\006\104\000\040\000h\000e\000l\000p\000\040\006\053\006\050\006\052\040\014\006\064\006\057\006\107\000\040\006\057\006\061\000\040\006\042\006\062\006\105\006\047\006\314\006\064}{section.10}% 28
\BOOKMARK [1][-]{section.11}{\376\377\006\105\006\061\006\054\006\071\000\040\006\052\006\110\006\066\006\314\006\055\006\314\000\040\006\101\006\061\006\105\006\047\006\106\040\014\006\107\006\047\006\314\000\040\000C\000L\000I}{}% 29
\BOOKMARK [2][-]{subsection.11.1}{\376\377\006\105\006\057\006\314\006\061\006\314\006\052\000\040\006\071\006\105\006\110\006\105\006\314\006\014\000\040\006\052\006\106\006\070\006\314\006\105\006\047\006\052\000\040\006\110\000\040\006\060\006\056\006\314\006\061\006\107\040\014\006\063\006\047\006\062\006\314}{section.11}% 30
\BOOKMARK [2][-]{subsection.11.2}{\376\377\000G\000P\000S\000\040\006\110\000\040\006\053\006\050\006\052\000\040\006\105\006\110\006\102\006\071\006\314\006\052}{section.11}% 31
\BOOKMARK [2][-]{subsection.11.3}{\376\377\006\176\006\047\006\314\006\064\000\040\006\064\006\050\006\251\006\107\000\040\006\110\000\040\006\056\006\057\006\105\006\047\006\052\000\040\006\105\006\314\006\062\006\050\006\047\006\106}{section.11}% 32
\BOOKMARK [2][-]{subsection.11.4}{\376\377\006\064\006\106\006\110\006\057\000\040\006\110\000\040\006\052\006\055\006\104\006\314\006\104\000\040\006\101\006\061\006\314\006\105}{section.11}% 33
\BOOKMARK [2][-]{subsection.11.5}{\376\377\006\064\006\106\006\047\006\063\006\107\040\014\006\107\006\047\006\014\000\040\000M\000A\000C\000\040\006\110\000\040\006\063\006\047\006\056\006\052\000\040\006\101\006\107\006\061\006\063\006\052}{section.11}% 34
\BOOKMARK [2][-]{subsection.11.6}{\376\377\006\102\006\047\006\050\006\104\006\314\006\052\040\014\006\107\006\047\006\314\000\040\006\101\006\071\006\047\006\104\000\040\006\110\000\040\006\052\006\107\006\047\006\054\006\105\006\314}{section.11}% 35
\BOOKMARK [1][-]{section.12}{\376\377\006\105\006\061\006\055\006\104\006\107\000\040\006\106\006\107\006\105\000:\000\040\006\047\006\054\006\061\006\047\006\314\000\040\006\047\006\063\006\251\006\106\000\040\006\071\006\105\006\104\006\314\006\047\006\052\006\314}{}% 36
\BOOKMARK [2][-]{subsection.12.1}{\376\377\006\052\006\061\006\052\006\314\006\050\000\040\006\065\006\055\006\314\006\055\000\040\006\101\006\061\006\105\006\047\006\106\040\014\006\107\006\047}{section.12}% 37
\BOOKMARK [2][-]{subsection.12.2}{\376\377\006\056\006\061\006\110\006\054\006\314\000\040\006\053\006\050\006\052\040\014\006\064\006\057\006\107}{section.12}% 38
\BOOKMARK [2][-]{subsection.12.3}{\376\377\006\106\006\055\006\110\006\107\000\040\006\056\006\110\006\047\006\106\006\057\006\106\000\040\006\107\006\061\000\040\006\063\006\067\006\061}{section.12}% 39
\BOOKMARK [2][-]{subsection.12.4}{\376\377\006\106\006\105\006\047\006\314\006\064\000\040\006\054\006\062\006\046\006\314\006\047\006\052\000\040\000A\000P\000\040\006\064\006\105\006\047\006\061\006\107\000\040\006\371}{section.12}% 40
\BOOKMARK [1][-]{section.13}{\376\377\006\206\006\251\040\014\006\104\006\314\006\063\006\052\000\040\006\050\006\047\006\062\006\052\006\110\006\104\006\314\006\057\000\040\006\251\006\047\006\105\006\104}{}% 41
\BOOKMARK [1][-]{section.14}{\376\377\006\061\006\047\006\107\006\106\006\105\006\047\006\314\000\040\006\071\006\314\006\050\040\014\006\314\006\047\006\050\006\314\000\040\006\063\006\061\006\314\006\071}{}% 42
\BOOKMARK [1][-]{section.15}{\376\377\006\106\006\052\006\314\006\054\006\107\040\014\006\257\006\314\006\061\006\314}{}% 43
\BOOKMARK [1][-]{section.16}{\376\377\006\105\006\106\006\047\006\050\006\071\000\040\006\101\006\106\006\314}{}% 44
